DESCRIPTION
COPYING
INDEX
include.lst
set_octave_path.m
@octonion/abs.m
@octonion/acos.m
@octonion/acosh.m
@octonion/arrayfun.m
@octonion/asin.m
@octonion/asinh.m
@octonion/assume.m
@octonion/assumeAlso.m
@octonion/assumptions.m
@octonion/atan.m
@octonion/atanh.m
@octonion/angle.m
@octonion/associator.m
@octonion/axis.m
@octonion/bsxfun.m
@octonion/cast.m
@octonion/cat.m
@octonion/cd.m
@octonion/ceil.m
@octonion/char.m
@octonion/collect.m
@octonion/combine.m
@octonion/complex.m
@octonion/commutator.m
@octonion/conj.m
@octonion/cos.m
@octonion/cosh.m
@octonion/cross.m
@octonion/ctranspose.m
@octonion/diag.m
@octonion/diff.m
@octonion/disp.m
@octonion/display.m
@octonion/displayall.m
@octonion/double.m
@octonion/eig.m
@octonion/end.m
@octonion/eq.m
@octonion/eps.m
@octonion/eval.m
@octonion/expand.m
@octonion/exp.m
@octonion/fix.m
@octonion/floor.m
@octonion/full.m
@octonion/ge.m
@octonion/gt.m
@octonion/horzcat.m
@octonion/imag.m
@octonion/int16.m
@octonion/int32.m
@octonion/int8.m
@octonion/inv.m
@octonion/ipermute.m
@octonion/isdivisor.m
@octonion/isempty.m
@octonion/isfinite.m
@octonion/ishermitian.m
@octonion/isinf.m
@octonion/isnan.m
@octonion/isnilpotent.m
@octonion/ispure.m
@octonion/isreal.m
@octonion/kleinfeld.m
@octonion/le.m
@octonion/length.m
@octonion/linv.m
@octonion/log.m
@octonion/lt.m
@octonion/lu.m
@octonion/mean.m
@octonion/minus.m
@octonion/mpower.m
@octonion/mrdivide.m
@octonion/mtimes.m
@octonion/ndims.m
@octonion/ne.m
@octonion/norm.m
@octonion/normo.m
@octonion/numel.m
@octonion/octonion.m
@octonion/part.m
@octonion/permute.m
@octonion/peirce.m
@octonion/plus.m
@octonion/polar.m
@octonion/power.m
@octonion/private/component.m
@octonion/private/elide.m
@octonion/private/isocomplex.m
@octonion/private/isooctonion.m
@octonion/private/nu.m
@octonion/private/omega.m
@octonion/private/overload.m
@octonion/private/phi.m
@octonion/private/show_internal.m
@octonion/private/tao.m
@octonion/private/undefined.m
@octonion/private/unimplemented.m
@octonion/repmat.m
@octonion/reshape.m
@octonion/rewrite.m
@octonion/round.m
@octonion/rdivide.m
@octonion/real.m
@octonion/rinv.m
@octonion/scalar.m
@octonion/scalar_product.m
@octonion/show.m
@octonion/sign.m
@octonion/simplify.m
@octonion/sin.m
@octonion/single.m
@octonion/sinh.m
@octonion/size.m
@octonion/slerp.m
@octonion/squeeze.m
@octonion/sqrt.m
@octonion/subsindex.m
@octonion/s.m
@octonion/subsasgn.m
@octonion/subsref.m
@octonion/sum.m
@octonion/sym.m
@octonion/tan.m
@octonion/tanh.m
@octonion/times.m
@octonion/transpose.m
@octonion/tril.m
@octonion/triu.m
@octonion/uint16.m
@octonion/uint32.m
@octonion/uint8.m
@octonion/uminus.m
@octonion/unit.m
@octonion/uplus.m
@octonion/v.m
@octonion/vector.m
@octonion/vector_product.m
@octonion/vertcat.m
@quaternion/abs.m
@quaternion/acos.m
@quaternion/acosh.m
@quaternion/adjoint.m
@quaternion/angle.m
@quaternion/arrayfun.m
@quaternion/asin.m
@quaternion/asinh.m
@quaternion/assumeAlso.m
@quaternion/assume.m
@quaternion/assumptions.m
@quaternion/atan.m
@quaternion/atanh.m
@quaternion/axis.m
@quaternion/blkdiag.m
@quaternion/bsxfun.m
@quaternion/cast.m
@quaternion/cat.m
@quaternion/cd.m
@quaternion/cdpolar.m
@quaternion/ceil.m
@quaternion/change_basis.m
@quaternion/char.m
@quaternion/collect.m
@quaternion/combine.m
@quaternion/commutator.m
@quaternion/complex.m
@quaternion/conj.m
@quaternion/conv.m
@quaternion/conv2.m
@quaternion/convw.m
@quaternion/convw2.m
@quaternion/convert.m
@quaternion/cos.m
@quaternion/cosh.m
@quaternion/cross.m
@quaternion/ctranspose.m
@quaternion/cumprod.m
@quaternion/cumsum.m
@quaternion/det.m
@quaternion/diag.m
@quaternion/diff.m
@quaternion/disp.m
@quaternion/display.m
@quaternion/displayall.m
@quaternion/double.m
@quaternion/eig.m
@quaternion/end.m
@quaternion/eps.m
@quaternion/eq.m
@quaternion/eval.m
@quaternion/expand.m
@quaternion/exp.m
@quaternion/expm.m
@quaternion/factorq.m
@quaternion/fft.m
@quaternion/fft2.m
@quaternion/fftshift.m
@quaternion/fix.m
@quaternion/floor.m
@quaternion/fprintf.m
@quaternion/frenet.m
@quaternion/funm.m
@quaternion/full.m
@quaternion/ge.m
@quaternion/gt.m
@quaternion/homogeneous.m
@quaternion/horzcat.m
@quaternion/ifft.m
@quaternion/ifft2.m
@quaternion/ifftshift.m
@quaternion/imag.m
@quaternion/image.m
@quaternion/imwrite.m
@quaternion/int16.m
@quaternion/int32.m
@quaternion/int8.m
@quaternion/inv.m
@quaternion/ipermute.m
@quaternion/iqdft.m
@quaternion/iqdft2.m
@quaternion/iqfft.m
@quaternion/iqfft2.m
@quaternion/isdivisor.m
@quaternion/isempty.m
@quaternion/isfinite.m
@quaternion/ishermitian.m
@quaternion/isinf.m
@quaternion/isnan.m
@quaternion/isnilpotent.m
@quaternion/ispure.m
@quaternion/isreal.m
@quaternion/isunitary.m
@quaternion/ldivide.m
@quaternion/le.m
@quaternion/length.m
@quaternion/log.m
@quaternion/logm.m
@quaternion/lt.m
@quaternion/lu.m
@quaternion/mean.m
@quaternion/minus.m
@quaternion/mpower.m
@quaternion/mrdivide.m
@quaternion/mtimes.m
@quaternion/mustard.m
@quaternion/ndims.m
@quaternion/ne.m
@quaternion/norm.m
@quaternion/normq.m
@quaternion/numel.m
@quaternion/ohd.m
@quaternion/opd.m
@quaternion/orthogonal.m
@quaternion/orthonormal_basis.m
@quaternion/permute.m
@quaternion/part.m
@quaternion/peirce.m
@quaternion/plot3.m
@quaternion/plus.m
@quaternion/polar.m
@quaternion/power.m
@quaternion/private/compose.m
@quaternion/private/dft_axis.m
@quaternion/private/elide.m
@quaternion/private/ess.m
@quaternion/private/exe.m
@quaternion/private/isocomplex.m
@quaternion/private/isoquaternion.m
@quaternion/private/overload.m
@quaternion/private/overloadm.m
@quaternion/private/show_internal.m
@quaternion/private/undefined.m
@quaternion/private/unimplemented.m
@quaternion/private/vee.m
@quaternion/private/wye.m
@quaternion/private/zed.m
@quaternion/prod.m
@quaternion/qdft.m
@quaternion/qdft2.m
@quaternion/qfft.m
@quaternion/qfft2.m
@quaternion/qr.m
@quaternion/quaternion.m
@quaternion/quiver3.m
@quaternion/rdivide.m
@quaternion/real.m
@quaternion/repmat.m
@quaternion/reshape.m
@quaternion/rewrite.m
@quaternion/round.m
@quaternion/s.m
@quaternion/scalar_product.m
@quaternion/scatter3.m
@quaternion/scatter4.m
@quaternion/scatter4p3.m
@quaternion/scalar.m
@quaternion/show.m
@quaternion/sign.m
@quaternion/simplify.m
@quaternion/sin.m
@quaternion/single.m
@quaternion/sinh.m
@quaternion/size.m
@quaternion/slerp.m
@quaternion/sqrt.m
@quaternion/sqrtm.m
@quaternion/squeeze.m
@quaternion/spherical_mean.m
@quaternion/subsasgn.m
@quaternion/subsindex.m
@quaternion/subsref.m
@quaternion/sum.m
@quaternion/svd.m
@quaternion/sylvester.m
@quaternion/sym.m
@quaternion/tan.m
@quaternion/tanh.m
@quaternion/text.m
@quaternion/times.m
@quaternion/transpose.m
@quaternion/tril.m
@quaternion/triu.m
@quaternion/uint16.m
@quaternion/uint32.m
@quaternion/uint8.m
@quaternion/uminus.m
@quaternion/unit.m
@quaternion/uplus.m
@quaternion/v.m
@quaternion/vector_product.m
@quaternion/vector.m
@quaternion/vertcat.m
@quaternion/write.m
@quaternion/x.m
@quaternion/y.m
@quaternion/z.m
analytic.m
bidiagonalize.m
Contents.m
copyright.m
dc.m
eyeq.m
fdl.txt
fftflip.m
fftflip2.m
gpl.txt
householder_matrix.m
householder_vector.m
imreadq.m
Implementation_notes.txt
info.xml
o1.m
oi.m
oj.m
ok.m
ol.m
om.m
on.m
onesq.m
oneso.m
oo.m
q1.m
qi.m
qj.m
qk.m
qtfm_helpdb.m
qtfm_helpup.m
qtfm_root.m
qtfm_test.m
qtfm_version.m
randf.m
rando.m
randq.m
randv.m
randvo.m
randvmf.m
Read_me.txt
read.m
Release_notes.txt
suppress.m
svdj.m
tridiagonalize.m
unadjoint.m
zeroso.m
zerosq.m
zerosv.m
zerosvo.m
examples/colour_edge_detector.m
examples/symbolic_demonstration_1.m
examples/vector_phase_correlation.m
helpfiles/abs.html
helpfiles/acos.html
helpfiles/acosh.html
helpfiles/adjoint.html
helpfiles/alphabetical.html
helpfiles/angle.html
helpfiles/arrayfun.html
helpfiles/asin.html
helpfiles/asinh.html
helpfiles/associator.html
helpfiles/assumeAlso.html
helpfiles/assume.html
helpfiles/assumptions.html
helpfiles/atan.html
helpfiles/atanh.html
helpfiles/axis.html
helpfiles/blkdiag.html
helpfiles/bsxfun.html
helpfiles/cast.html
helpfiles/cat.html
helpfiles/categorical.html
helpfiles/cd.html
helpfiles/cdpolar.html
helpfiles/ceil.html
helpfiles/change_basis.html
helpfiles/char.html
helpfiles/collect.html
helpfiles/combine.html
helpfiles/commutator.html
helpfiles/complex.html
helpfiles/contrib.html
helpfiles/conj.html
helpfiles/conv.html
helpfiles/convw.html
helpfiles/conv2.html
helpfiles/convw2.html
helpfiles/convert.html
helpfiles/cos.html
helpfiles/cosh.html
helpfiles/cross.html
helpfiles/ctranspose.html
helpfiles/cumprod.html
helpfiles/cumsum.html
helpfiles/dc.html
helpfiles/det.html
helpfiles/diag.html
helpfiles/diff.html
helpfiles/disp.html
helpfiles/display.html
helpfiles/displayall.html
helpfiles/eig.html
helpfiles/empty.html
helpfiles/end.html
helpfiles/eq.html
helpfiles/eval.html
helpfiles/exp.html
helpfiles/expand.html
helpfiles/expm.html
helpfiles/eyeq.html
helpfiles/factorq.html
helpfiles/fft.html
helpfiles/fft2.html
helpfiles/fftflip.html
helpfiles/fftflip2.html
helpfiles/fftshift.html
helpfiles/fix.html
helpfiles/floor.html
helpfiles/fprintf.html
helpfiles/frenet.html
helpfiles/funm.html
helpfiles/full.html
helpfiles/helptoc.xml
helpfiles/horzcat.html
helpfiles/ifft.html
helpfiles/ifft2.html
helpfiles/ifftshift.html
helpfiles/imag.html
helpfiles/image.html
helpfiles/imreadq.html
helpfiles/imwrite.html
helpfiles/inv.html
helpfiles/ipermute.html
helpfiles/iqdft.html
helpfiles/iqdft2.html
helpfiles/iqfft.html
helpfiles/iqfft2.html
helpfiles/isdivisor.html
helpfiles/isempty.html
helpfiles/isfinite.html
helpfiles/ishermitian.html
helpfiles/isinf.html
helpfiles/isnan.html
helpfiles/isnilpotent.html
helpfiles/ispure.html
helpfiles/isreal.html
helpfiles/isunitary.html
helpfiles/kleinfeld.html
helpfiles/ldivide.html
helpfiles/length.html
helpfiles/license.html
helpfiles/linv.html
helpfiles/log.html
helpfiles/logm.html
helpfiles/lu.html
helpfiles/matlist.html
helpfiles/mean.html
helpfiles/minus.html
helpfiles/mpower.html
helpfiles/mrdivide.html
helpfiles/mtimes.html
helpfiles/mustard.html
helpfiles/ndims.html
helpfiles/ne.html
helpfiles/norm.html
helpfiles/normo.html
helpfiles/normq.html
helpfiles/numel.html
helpfiles/o1.html
helpfiles/octonion.html
helpfiles/ohd.html
helpfiles/opd.html
helpfiles/onesq.html
helpfiles/orthogonal.html
helpfiles/orthonormal_basis.html
helpfiles/overview.html
helpfiles/permute.html
helpfiles/part.html
helpfiles/peirce.html
helpfiles/plot3.html
helpfiles/plus.html
helpfiles/polar.html
helpfiles/power.html
helpfiles/process.m
helpfiles/prod.html
helpfiles/q1.html
helpfiles/qdft.html
helpfiles/qdft2.html
helpfiles/qfft.html
helpfiles/qfft2.html
helpfiles/qr.html
helpfiles/qtfm.html
helpfiles/qtfm_helpdb.html
helpfiles/qtfm_helpup.html
helpfiles/qtfm_root.html
helpfiles/qtfm_test.html
helpfiles/qtfm_version.html
helpfiles/qtfmstyle.css
helpfiles/quaternion.html
helpfiles/quiver.png
helpfiles/quiver3.html
helpfiles/randf.html
helpfiles/randimage.png
helpfiles/random.png
helpfiles/randq_angle_hist.png
helpfiles/rando.html
helpfiles/randq.html
helpfiles/randv.html
helpfiles/randvo.html
helpfiles/randvmf.html
helpfiles/rdivide.html
helpfiles/read.html
helpfiles/readme.txt
helpfiles/real.html
helpfiles/repmat.html
helpfiles/reshape.html
helpfiles/rewrite.html
helpfiles/rinv.html
helpfiles/round.html
helpfiles/s.html
helpfiles/scalar_product.html
helpfiles/scatter3.html
helpfiles/scatter.png
helpfiles/scatter4.html
helpfiles/scatter4.png
helpfiles/scatter4p3.html
helpfiles/scatter4p3.png
helpfiles/show.html
helpfiles/sign.html
helpfiles/simplify.html
helpfiles/sin.html
helpfiles/sinh.html
helpfiles/size.html
helpfiles/slerp.html
helpfiles/sqrt.html
helpfiles/sqrtm.html
helpfiles/squeeze.html
helpfiles/spherical_mean.html
helpfiles/subsasgn.html
helpfiles/subsindex.html
helpfiles/subsref.html
helpfiles/sum.html
helpfiles/svd.html
helpfiles/svdj.html
helpfiles/sylvester.html
helpfiles/sym.html
helpfiles/tan.html
helpfiles/tanh.html
helpfiles/times.html
helpfiles/transpose.html
helpfiles/tril.html
helpfiles/triu.html
helpfiles/uminus.html
helpfiles/unadjoint.html
helpfiles/unit.html
helpfiles/uplus.html
helpfiles/v.html
helpfiles/vector_product.html
helpfiles/vertcat.html
helpfiles/write.html
helpfiles/xyz.html
helpfiles/zerosq.html
helpfiles/zerosv.html
helpfiles/zeroso.html
helpfiles/zerosvo.html
helpfiles/xmlfiles/abs.xml
helpfiles/xmlfiles/acos.xml
helpfiles/xmlfiles/acosh.xml
helpfiles/xmlfiles/adjoint.xml
helpfiles/xmlfiles/angle.xml
helpfiles/xmlfiles/arrayfun.xml
helpfiles/xmlfiles/asin.xml
helpfiles/xmlfiles/asinh.xml
helpfiles/xmlfiles/associator.xml
helpfiles/xmlfiles/assume.xml
helpfiles/xmlfiles/assumeAlso.xml
helpfiles/xmlfiles/assumptions.xml
helpfiles/xmlfiles/atan.xml
helpfiles/xmlfiles/atanh.xml
helpfiles/xmlfiles/axis.xml
helpfiles/xmlfiles/blkdiag.xml
helpfiles/xmlfiles/bsxfun.xml
helpfiles/xmlfiles/cast.xml
helpfiles/xmlfiles/cat.xml
helpfiles/xmlfiles/cd.xml
helpfiles/xmlfiles/cdpolar.xml
helpfiles/xmlfiles/ceil.xml
helpfiles/xmlfiles/change_basis.xml
helpfiles/xmlfiles/char.xml
helpfiles/xmlfiles/collect.xml
helpfiles/xmlfiles/combine.xml
helpfiles/xmlfiles/commutator.xml
helpfiles/xmlfiles/complex.xml
helpfiles/xmlfiles/conj.xml
helpfiles/xmlfiles/conv.xml
helpfiles/xmlfiles/conv2.xml
helpfiles/xmlfiles/convw.xml
helpfiles/xmlfiles/convw2.xml
helpfiles/xmlfiles/convert.xml
helpfiles/xmlfiles/cos.xml
helpfiles/xmlfiles/cosh.xml
helpfiles/xmlfiles/cross.xml
helpfiles/xmlfiles/ctranspose.xml
helpfiles/xmlfiles/cumprod.xml
helpfiles/xmlfiles/cumsum.xml
helpfiles/xmlfiles/dc.xml
helpfiles/xmlfiles/det.xml
helpfiles/xmlfiles/diag.xml
helpfiles/xmlfiles/diff.xml
helpfiles/xmlfiles/disp.xml
helpfiles/xmlfiles/display.xml
helpfiles/xmlfiles/displayall.xml
helpfiles/xmlfiles/eig.xml
helpfiles/xmlfiles/empty.xml
helpfiles/xmlfiles/end.xml
helpfiles/xmlfiles/eq.xml
helpfiles/xmlfiles/eval.xml
helpfiles/xmlfiles/exp.xml
helpfiles/xmlfiles/expand.xml
helpfiles/xmlfiles/expm.xml
helpfiles/xmlfiles/eyeq.xml
helpfiles/xmlfiles/factorq.xml
helpfiles/xmlfiles/fft.xml
helpfiles/xmlfiles/fft2.xml
helpfiles/xmlfiles/fftflip.xml
helpfiles/xmlfiles/fftflip2.xml
helpfiles/xmlfiles/fftshift.xml
helpfiles/xmlfiles/fix.xml
helpfiles/xmlfiles/floor.xml
helpfiles/xmlfiles/fprintf.xml
helpfiles/xmlfiles/frenet.xml
helpfiles/xmlfiles/funm.xml
helpfiles/xmlfiles/full.xml
helpfiles/xmlfiles/horzcat.xml
helpfiles/xmlfiles/ifft.xml
helpfiles/xmlfiles/ifft2.xml
helpfiles/xmlfiles/ifftshift.xml
helpfiles/xmlfiles/imag.xml
helpfiles/xmlfiles/image.xml
helpfiles/xmlfiles/imreadq.xml
helpfiles/xmlfiles/imwrite.xml
helpfiles/xmlfiles/inv.xml
helpfiles/xmlfiles/ipermute.xml
helpfiles/xmlfiles/iqdft.xml
helpfiles/xmlfiles/iqdft2.xml
helpfiles/xmlfiles/iqfft.xml
helpfiles/xmlfiles/iqfft2.xml
helpfiles/xmlfiles/isdivisor.xml
helpfiles/xmlfiles/isempty.xml
helpfiles/xmlfiles/isfinite.xml
helpfiles/xmlfiles/ishermitian.xml
helpfiles/xmlfiles/isinf.xml
helpfiles/xmlfiles/isnan.xml
helpfiles/xmlfiles/isnilpotent.xml
helpfiles/xmlfiles/ispure.xml
helpfiles/xmlfiles/isreal.xml
helpfiles/xmlfiles/isunitary.xml
helpfiles/xmlfiles/kleinfeld.xml
helpfiles/xmlfiles/ldivide.xml
helpfiles/xmlfiles/length.xml
helpfiles/xmlfiles/linv.xml
helpfiles/xmlfiles/log.xml
helpfiles/xmlfiles/logm.xml
helpfiles/xmlfiles/lu.xml
helpfiles/xmlfiles/mean.xml
helpfiles/xmlfiles/minus.xml
helpfiles/xmlfiles/mpower.xml
helpfiles/xmlfiles/mrdivide.xml
helpfiles/xmlfiles/mtimes.xml
helpfiles/xmlfiles/mustard.xml
helpfiles/xmlfiles/ndims.xml
helpfiles/xmlfiles/ne.xml
helpfiles/xmlfiles/norm.xml
helpfiles/xmlfiles/normo.xml
helpfiles/xmlfiles/normq.xml
helpfiles/xmlfiles/numel.xml
helpfiles/xmlfiles/o1.xml
helpfiles/xmlfiles/octonion.xml
helpfiles/xmlfiles/opd.xml
helpfiles/xmlfiles/ohd.xml
helpfiles/xmlfiles/onesq.xml
helpfiles/xmlfiles/orthogonal.xml
helpfiles/xmlfiles/orthonormal_basis.xml
helpfiles/xmlfiles/part.xml
helpfiles/xmlfiles/peirce.xml
helpfiles/xmlfiles/permute.xml
helpfiles/xmlfiles/plot3.xml
helpfiles/xmlfiles/plus.xml
helpfiles/xmlfiles/polar.xml
helpfiles/xmlfiles/power.xml
helpfiles/xmlfiles/prod.xml
helpfiles/xmlfiles/q1.xml
helpfiles/xmlfiles/qdft.xml
helpfiles/xmlfiles/qdft2.xml
helpfiles/xmlfiles/qfft.xml
helpfiles/xmlfiles/qfft2.xml
helpfiles/xmlfiles/qr.xml
helpfiles/xmlfiles/qtfm_helpdb.xml
helpfiles/xmlfiles/qtfm_helpup.xml
helpfiles/xmlfiles/qtfm_root.xml
helpfiles/xmlfiles/qtfm_test.xml
helpfiles/xmlfiles/qtfm_version.xml
helpfiles/xmlfiles/qtfmfunction.dtd
helpfiles/xmlfiles/qtfmfunction.xsl
helpfiles/xmlfiles/qtfmfunction2latex.xsl
helpfiles/xmlfiles/quaternion.xml
helpfiles/xmlfiles/quiver3.xml
helpfiles/xmlfiles/randf.xml
helpfiles/xmlfiles/rando.xml
helpfiles/xmlfiles/randq.xml
helpfiles/xmlfiles/randv.xml
helpfiles/xmlfiles/randvo.xml
helpfiles/xmlfiles/randvmf.xml
helpfiles/xmlfiles/rdivide.xml
helpfiles/xmlfiles/read.xml
helpfiles/xmlfiles/real.xml
helpfiles/xmlfiles/repmat.xml
helpfiles/xmlfiles/reshape.xml
helpfiles/xmlfiles/rewrite.xml
helpfiles/xmlfiles/rinv.xml
helpfiles/xmlfiles/round.xml
helpfiles/xmlfiles/s.xml
helpfiles/xmlfiles/scalar_product.xml
helpfiles/xmlfiles/scatter3.xml
helpfiles/xmlfiles/scatter4.xml
helpfiles/xmlfiles/scatter4p3.xml
helpfiles/xmlfiles/show.xml
helpfiles/xmlfiles/sign.xml
helpfiles/xmlfiles/simplify.xml
helpfiles/xmlfiles/sin.xml
helpfiles/xmlfiles/sinh.xml
helpfiles/xmlfiles/size.xml
helpfiles/xmlfiles/slerp.xml
helpfiles/xmlfiles/sqrt.xml
helpfiles/xmlfiles/sqrtm.xml
helpfiles/xmlfiles/squeeze.xml
helpfiles/xmlfiles/spherical_mean.xml
helpfiles/xmlfiles/subsasgn.xml
helpfiles/xmlfiles/subsindex.xml
helpfiles/xmlfiles/subsref.xml
helpfiles/xmlfiles/sum.xml
helpfiles/xmlfiles/svd.xml
helpfiles/xmlfiles/svdj.xml
helpfiles/xmlfiles/sylvester.xml
helpfiles/xmlfiles/sym.xml
helpfiles/xmlfiles/tan.xml
helpfiles/xmlfiles/tanh.xml
helpfiles/xmlfiles/times.xml
helpfiles/xmlfiles/transpose.xml
helpfiles/xmlfiles/tril.xml
helpfiles/xmlfiles/triu.xml
helpfiles/xmlfiles/uminus.xml
helpfiles/xmlfiles/unadjoint.xml
helpfiles/xmlfiles/unit.xml
helpfiles/xmlfiles/uplus.xml
helpfiles/xmlfiles/v.xml
helpfiles/xmlfiles/vector_product.xml
helpfiles/xmlfiles/vertcat.xml
helpfiles/xmlfiles/write.xml
helpfiles/xmlfiles/xyz.xml
helpfiles/xmlfiles/zeroso.xml
helpfiles/xmlfiles/zerosq.xml
helpfiles/xmlfiles/zerosv.xml
helpfiles/xmlfiles/zerosvo.xml
test/check.m
test/compare.m
test/test_adjoint.m
test/test_bsxfun.m
test/test_cd.m
test/test_conv.m
test/test_eig.m
test/test_exp.m
test/test_factorq.m
test/test_fft.m
test/test_fundamentals.m
test/test_hyperbolic.m
test/test_householder.m
test/test_inverse_hyperbolic.m
test/test_inverse_trig.m
test/test_isocomplex.m
test/test_log.m
test/test_lu.m
test/test_mat.m
test/test_matfuns.m
test/test_mustard.m
test/test_octonion_fundamentals.m
test/test_octonion_identities.m
test/test_octonion_matrix_inverses.m
test/test_orthonormal.m
test/test_overloads.m
test/test_quaternion_identities.m
test/test_inv.m
test/test_path.m
test/test_peirce.m
test/test_polar.m
test/test_power.m
test/test_qdft.m
test/test_qfft.m
test/test_qr.m
test/test_slerp.m
test/test_sqrt.m
test/test_sum_diff.m
test/test_svd.m
test/test_svdj.m
test/test_symbolic.m
test/test_trigonometric.m
test/test_version.m
test/test.m
tex/qtfm.bib
tex/test.tex
